interactions:
- request:
    body: '{"workspace_id": "dev"}'
    headers:
      accept:
      - '*/*'
      accept-encoding:
      - gzip, deflate
      connection:
      - keep-alive
      content-length:
      - '23'
      content-type:
      - application/json
      cookie:
      - looker.browser=78847301
      host:
      - spectacles.looker.com:19999
      user-agent:
      - python-httpx/0.23.0
    method: PATCH
    uri: https://spectacles.looker.com:19999/api/3.1/session
  response:
    content: '{"workspace_id":"dev","sudo_user_id":null,"can":{"view":true,"update":true}}'
    headers:
      Connection:
      - close
      Content-Encoding:
      - gzip
      Content-Type:
      - application/json
      Date:
      - Thu, 16 Jun 2022 20:25:12 GMT
      Strict-Transport-Security:
      - max-age=15724800; includeSubDomains
      Vary:
      - Accept-Encoding, Origin
      X-B3-ParentSpanId:
      - 7521497417880fa6
      X-B3-Sampled:
      - '0'
      X-B3-SpanId:
      - 7521497417880fa6
      X-B3-TraceId:
      - 62ab91a80a30f8457521497417880fa6
      X-Content-Type-Options:
      - nosniff
    http_version: HTTP/1.1
    status_code: 200
- request:
    body: '{"name": "pytest"}'
    headers:
      accept:
      - '*/*'
      accept-encoding:
      - gzip, deflate
      connection:
      - keep-alive
      content-length:
      - '18'
      content-type:
      - application/json
      cookie:
      - looker.browser=78847301
      host:
      - spectacles.looker.com:19999
      user-agent:
      - python-httpx/0.23.0
    method: PUT
    uri: https://spectacles.looker.com:19999/api/3.1/projects/eye_exam/git_branch
  response:
    content: '{"name":"pytest","remote":"origin","remote_name":"pytest","error":null,"message":null,"owner_name":null,"readonly":false,"personal":false,"is_local":true,"is_remote":true,"is_production":false,"ahead_count":0,"behind_count":0,"commit_at":1655410229,"ref":"c2b675549d737cc192cba427f581237e63d1dafb","remote_ref":"c2b675549d737cc192cba427f581237e63d1dafb","can":{}}'
    headers:
      Connection:
      - close
      Content-Encoding:
      - gzip
      Content-Type:
      - application/json
      Date:
      - Thu, 16 Jun 2022 20:25:13 GMT
      Strict-Transport-Security:
      - max-age=15724800; includeSubDomains
      Vary:
      - Accept-Encoding, Origin
      X-B3-ParentSpanId:
      - 6aabf7f49e7d06c8
      X-B3-Sampled:
      - '0'
      X-B3-SpanId:
      - 6aabf7f49e7d06c8
      X-B3-TraceId:
      - 62ab91a8726515966aabf7f49e7d06c8
      X-Content-Type-Options:
      - nosniff
    http_version: HTTP/1.1
    status_code: 200
- request:
    body: ''
    headers:
      accept:
      - '*/*'
      accept-encoding:
      - gzip, deflate
      connection:
      - keep-alive
      cookie:
      - looker.browser=78847301
      host:
      - spectacles.looker.com:19999
      user-agent:
      - python-httpx/0.23.0
    method: GET
    uri: https://spectacles.looker.com:19999/api/3.1/session
  response:
    content: '{"workspace_id":"dev","sudo_user_id":null,"can":{"view":true,"update":true}}'
    headers:
      Connection:
      - close
      Content-Encoding:
      - gzip
      Content-Type:
      - application/json
      Date:
      - Thu, 16 Jun 2022 20:25:13 GMT
      Strict-Transport-Security:
      - max-age=15724800; includeSubDomains
      Vary:
      - Accept-Encoding, Origin
      X-B3-ParentSpanId:
      - 6684cc26ac182b40
      X-B3-Sampled:
      - '0'
      X-B3-SpanId:
      - 6684cc26ac182b40
      X-B3-TraceId:
      - 62ab91a96d6aabf76684cc26ac182b40
      X-Content-Type-Options:
      - nosniff
    http_version: HTTP/1.1
    status_code: 200
- request:
    body: ''
    headers:
      accept:
      - '*/*'
      accept-encoding:
      - gzip, deflate
      connection:
      - keep-alive
      cookie:
      - looker.browser=78847301
      host:
      - spectacles.looker.com:19999
      user-agent:
      - python-httpx/0.23.0
    method: GET
    uri: https://spectacles.looker.com:19999/api/3.1/projects/eye_exam/git_branch
  response:
    content: '{"name":"pytest","remote":"origin","remote_name":"pytest","error":null,"message":null,"owner_name":null,"readonly":false,"personal":false,"is_local":true,"is_remote":true,"is_production":false,"ahead_count":0,"behind_count":0,"commit_at":1655410229,"ref":"c2b675549d737cc192cba427f581237e63d1dafb","remote_ref":"c2b675549d737cc192cba427f581237e63d1dafb","can":{}}'
    headers:
      Connection:
      - close
      Content-Encoding:
      - gzip
      Content-Type:
      - application/json
      Date:
      - Thu, 16 Jun 2022 20:25:13 GMT
      Strict-Transport-Security:
      - max-age=15724800; includeSubDomains
      Vary:
      - Accept-Encoding, Origin
      X-B3-ParentSpanId:
      - f07cfcc85bc570b2
      X-B3-Sampled:
      - '0'
      X-B3-SpanId:
      - f07cfcc85bc570b2
      X-B3-TraceId:
      - 62ab91a9621a9ab4f07cfcc85bc570b2
      X-Content-Type-Options:
      - nosniff
    http_version: HTTP/1.1
    status_code: 200
- request:
    body: '{"name": "pytest-additional"}'
    headers:
      accept:
      - '*/*'
      accept-encoding:
      - gzip, deflate
      connection:
      - keep-alive
      content-length:
      - '29'
      content-type:
      - application/json
      cookie:
      - looker.browser=78847301
      host:
      - spectacles.looker.com:19999
      user-agent:
      - python-httpx/0.23.0
    method: PUT
    uri: https://spectacles.looker.com:19999/api/3.1/projects/eye_exam/git_branch
  response:
    content: '{"name":"pytest-additional","remote":"origin","remote_name":"pytest-additional","error":null,"message":null,"owner_name":null,"readonly":false,"personal":false,"is_local":true,"is_remote":true,"is_production":false,"ahead_count":0,"behind_count":0,"commit_at":1655409628,"ref":"1c89448b1639547ff4e6e17fed6360718f6968a6","remote_ref":"1c89448b1639547ff4e6e17fed6360718f6968a6","can":{}}'
    headers:
      Connection:
      - close
      Content-Encoding:
      - gzip
      Content-Type:
      - application/json
      Date:
      - Thu, 16 Jun 2022 20:25:14 GMT
      Strict-Transport-Security:
      - max-age=15724800; includeSubDomains
      Vary:
      - Accept-Encoding, Origin
      X-B3-ParentSpanId:
      - 93d41a3172adf0dc
      X-B3-Sampled:
      - '0'
      X-B3-SpanId:
      - 93d41a3172adf0dc
      X-B3-TraceId:
      - 62ab91a90808504393d41a3172adf0dc
      X-Content-Type-Options:
      - nosniff
    http_version: HTTP/1.1
    status_code: 200
- request:
    body: ''
    headers:
      accept:
      - '*/*'
      accept-encoding:
      - gzip, deflate
      connection:
      - keep-alive
      cookie:
      - looker.browser=78847301
      host:
      - spectacles.looker.com:19999
      user-agent:
      - python-httpx/0.23.0
    method: GET
    uri: https://spectacles.looker.com:19999/api/3.1/projects/eye_exam/manifest
  response:
    content: '{"name":"eye_exam","imports":[{"name":"looker-demo","url":null,"ref":null,"is_remote":false,"can":{}}],"localization_settings":null,"can":{}}'
    headers:
      Connection:
      - close
      Content-Encoding:
      - gzip
      Content-Type:
      - application/json
      Date:
      - Thu, 16 Jun 2022 20:25:14 GMT
      Strict-Transport-Security:
      - max-age=15724800; includeSubDomains
      Vary:
      - Accept-Encoding, Origin
      X-B3-ParentSpanId:
      - 7134b1a087043827
      X-B3-Sampled:
      - '0'
      X-B3-SpanId:
      - 7134b1a087043827
      X-B3-TraceId:
      - 62ab91aa6b8f06117134b1a087043827
      X-Content-Type-Options:
      - nosniff
    http_version: HTTP/1.1
    status_code: 200
- request:
    body: ''
    headers:
      accept:
      - '*/*'
      accept-encoding:
      - gzip, deflate
      connection:
      - keep-alive
      cookie:
      - looker.browser=78847301
      host:
      - spectacles.looker.com:19999
      user-agent:
      - python-httpx/0.23.0
    method: GET
    uri: https://spectacles.looker.com:19999/api/3.1/session
  response:
    content: '{"workspace_id":"dev","sudo_user_id":null,"can":{"view":true,"update":true}}'
    headers:
      Connection:
      - close
      Content-Encoding:
      - gzip
      Content-Type:
      - application/json
      Date:
      - Thu, 16 Jun 2022 20:25:14 GMT
      Strict-Transport-Security:
      - max-age=15724800; includeSubDomains
      Vary:
      - Accept-Encoding, Origin
      X-B3-ParentSpanId:
      - 3ec2c548a3636f7d
      X-B3-Sampled:
      - '0'
      X-B3-SpanId:
      - 3ec2c548a3636f7d
      X-B3-TraceId:
      - 62ab91aac8ff97cb3ec2c548a3636f7d
      X-Content-Type-Options:
      - nosniff
    http_version: HTTP/1.1
    status_code: 200
- request:
    body: ''
    headers:
      accept:
      - '*/*'
      accept-encoding:
      - gzip, deflate
      connection:
      - keep-alive
      cookie:
      - looker.browser=78847301
      host:
      - spectacles.looker.com:19999
      user-agent:
      - python-httpx/0.23.0
    method: GET
    uri: https://spectacles.looker.com:19999/api/3.1/projects/looker-demo/git_branch
  response:
    content: '{"name":"dev-josh-temple-8m75","remote":"origin","remote_name":"dev-josh-temple-8m75","error":null,"message":null,"owner_name":"Josh
      Temple","readonly":false,"personal":true,"is_local":true,"is_remote":true,"is_production":false,"ahead_count":0,"behind_count":0,"commit_at":1649260186,"ref":"c6cca9bf6cefa312c3f3716b2af16214fad4b5c3","remote_ref":"c6cca9bf6cefa312c3f3716b2af16214fad4b5c3","can":{}}'
    headers:
      Connection:
      - close
      Content-Encoding:
      - gzip
      Content-Type:
      - application/json
      Date:
      - Thu, 16 Jun 2022 20:25:14 GMT
      Strict-Transport-Security:
      - max-age=15724800; includeSubDomains
      Vary:
      - Accept-Encoding, Origin
      X-B3-ParentSpanId:
      - 6d56f2d7c48a5982
      X-B3-Sampled:
      - '0'
      X-B3-SpanId:
      - 6d56f2d7c48a5982
      X-B3-TraceId:
      - 62ab91aacf534af66d56f2d7c48a5982
      X-Content-Type-Options:
      - nosniff
    http_version: HTTP/1.1
    status_code: 200
- request:
    body: '{"workspace_id": "production"}'
    headers:
      accept:
      - '*/*'
      accept-encoding:
      - gzip, deflate
      connection:
      - keep-alive
      content-length:
      - '30'
      content-type:
      - application/json
      cookie:
      - looker.browser=78847301
      host:
      - spectacles.looker.com:19999
      user-agent:
      - python-httpx/0.23.0
    method: PATCH
    uri: https://spectacles.looker.com:19999/api/3.1/session
  response:
    content: '{"workspace_id":"production","sudo_user_id":null,"can":{"view":true,"update":true}}'
    headers:
      Connection:
      - close
      Content-Encoding:
      - gzip
      Content-Type:
      - application/json
      Date:
      - Thu, 16 Jun 2022 20:25:14 GMT
      Strict-Transport-Security:
      - max-age=15724800; includeSubDomains
      Vary:
      - Accept-Encoding, Origin
      X-B3-ParentSpanId:
      - 42f39db83fe7e4a0
      X-B3-Sampled:
      - '0'
      X-B3-SpanId:
      - 42f39db83fe7e4a0
      X-B3-TraceId:
      - 62ab91aa7ec77e8942f39db83fe7e4a0
      X-Content-Type-Options:
      - nosniff
    http_version: HTTP/1.1
    status_code: 200
- request:
    body: ''
    headers:
      accept:
      - '*/*'
      accept-encoding:
      - gzip, deflate
      connection:
      - keep-alive
      cookie:
      - looker.browser=78847301
      host:
      - spectacles.looker.com:19999
      user-agent:
      - python-httpx/0.23.0
    method: GET
    uri: https://spectacles.looker.com:19999/api/3.1/session
  response:
    content: '{"workspace_id":"production","sudo_user_id":null,"can":{"view":true,"update":true}}'
    headers:
      Connection:
      - close
      Content-Encoding:
      - gzip
      Content-Type:
      - application/json
      Date:
      - Thu, 16 Jun 2022 20:25:14 GMT
      Strict-Transport-Security:
      - max-age=15724800; includeSubDomains
      Vary:
      - Accept-Encoding, Origin
      X-B3-ParentSpanId:
      - 1d70af943beb0364
      X-B3-Sampled:
      - '0'
      X-B3-SpanId:
      - 1d70af943beb0364
      X-B3-TraceId:
      - 62ab91aac57f03ff1d70af943beb0364
      X-Content-Type-Options:
      - nosniff
    http_version: HTTP/1.1
    status_code: 200
- request:
    body: ''
    headers:
      accept:
      - '*/*'
      accept-encoding:
      - gzip, deflate
      connection:
      - keep-alive
      cookie:
      - looker.browser=78847301
      host:
      - spectacles.looker.com:19999
      user-agent:
      - python-httpx/0.23.0
    method: GET
    uri: https://spectacles.looker.com:19999/api/3.1/projects/looker-demo/git_branch
  response:
    content: '{"name":"main","remote":"origin","remote_name":"main","error":null,"message":null,"owner_name":null,"readonly":false,"personal":false,"is_local":true,"is_remote":true,"is_production":true,"ahead_count":0,"behind_count":0,"commit_at":1650895913,"ref":"ab21f19e913db2a208eda26e647d4cdfbb992949","remote_ref":"ab21f19e913db2a208eda26e647d4cdfbb992949","can":{}}'
    headers:
      Connection:
      - close
      Content-Encoding:
      - gzip
      Content-Type:
      - application/json
      Date:
      - Thu, 16 Jun 2022 20:25:14 GMT
      Strict-Transport-Security:
      - max-age=15724800; includeSubDomains
      Vary:
      - Accept-Encoding, Origin
      X-B3-ParentSpanId:
      - c2fe5c1d21cc88b3
      X-B3-Sampled:
      - '0'
      X-B3-SpanId:
      - c2fe5c1d21cc88b3
      X-B3-TraceId:
      - 62ab91aae78ccf24c2fe5c1d21cc88b3
      X-Content-Type-Options:
      - nosniff
    http_version: HTTP/1.1
    status_code: 200
- request:
    body: '{"workspace_id": "dev"}'
    headers:
      accept:
      - '*/*'
      accept-encoding:
      - gzip, deflate
      connection:
      - keep-alive
      content-length:
      - '23'
      content-type:
      - application/json
      cookie:
      - looker.browser=78847301
      host:
      - spectacles.looker.com:19999
      user-agent:
      - python-httpx/0.23.0
    method: PATCH
    uri: https://spectacles.looker.com:19999/api/3.1/session
  response:
    content: '{"workspace_id":"dev","sudo_user_id":null,"can":{"view":true,"update":true}}'
    headers:
      Connection:
      - close
      Content-Encoding:
      - gzip
      Content-Type:
      - application/json
      Date:
      - Thu, 16 Jun 2022 20:25:15 GMT
      Strict-Transport-Security:
      - max-age=15724800; includeSubDomains
      Vary:
      - Accept-Encoding, Origin
      X-B3-ParentSpanId:
      - a8506721ea57765b
      X-B3-Sampled:
      - '0'
      X-B3-SpanId:
      - a8506721ea57765b
      X-B3-TraceId:
      - 62ab91aafb12ebf5a8506721ea57765b
      X-Content-Type-Options:
      - nosniff
    http_version: HTTP/1.1
    status_code: 200
- request:
    body: ''
    headers:
      accept:
      - '*/*'
      accept-encoding:
      - gzip, deflate
      connection:
      - keep-alive
      cookie:
      - looker.browser=78847301
      host:
      - spectacles.looker.com:19999
      user-agent:
      - python-httpx/0.23.0
    method: GET
    uri: https://spectacles.looker.com:19999/api/3.1/session
  response:
    content: '{"workspace_id":"dev","sudo_user_id":null,"can":{"view":true,"update":true}}'
    headers:
      Connection:
      - close
      Content-Encoding:
      - gzip
      Content-Type:
      - application/json
      Date:
      - Thu, 16 Jun 2022 20:25:15 GMT
      Strict-Transport-Security:
      - max-age=15724800; includeSubDomains
      Vary:
      - Accept-Encoding, Origin
      X-B3-ParentSpanId:
      - 72b33372959ba218
      X-B3-Sampled:
      - '0'
      X-B3-SpanId:
      - 72b33372959ba218
      X-B3-TraceId:
      - 62ab91ab1ba2373772b33372959ba218
      X-Content-Type-Options:
      - nosniff
    http_version: HTTP/1.1
    status_code: 200
- request:
    body: ''
    headers:
      accept:
      - '*/*'
      accept-encoding:
      - gzip, deflate
      connection:
      - keep-alive
      cookie:
      - looker.browser=78847301
      host:
      - spectacles.looker.com:19999
      user-agent:
      - python-httpx/0.23.0
    method: GET
    uri: https://spectacles.looker.com:19999/api/3.1/projects/looker-demo/git_branch
  response:
    content: '{"name":"dev-josh-temple-8m75","remote":"origin","remote_name":"dev-josh-temple-8m75","error":null,"message":null,"owner_name":"Josh
      Temple","readonly":false,"personal":true,"is_local":true,"is_remote":true,"is_production":false,"ahead_count":0,"behind_count":0,"commit_at":1649260186,"ref":"c6cca9bf6cefa312c3f3716b2af16214fad4b5c3","remote_ref":"c6cca9bf6cefa312c3f3716b2af16214fad4b5c3","can":{}}'
    headers:
      Connection:
      - close
      Content-Encoding:
      - gzip
      Content-Type:
      - application/json
      Date:
      - Thu, 16 Jun 2022 20:25:15 GMT
      Strict-Transport-Security:
      - max-age=15724800; includeSubDomains
      Vary:
      - Accept-Encoding, Origin
      X-B3-ParentSpanId:
      - ca6d798184d55051
      X-B3-Sampled:
      - '0'
      X-B3-SpanId:
      - ca6d798184d55051
      X-B3-TraceId:
      - 62ab91ab6e7db7d3ca6d798184d55051
      X-Content-Type-Options:
      - nosniff
    http_version: HTTP/1.1
    status_code: 200
- request:
    body: '{"name": "tmp_spectacles_abc123"}'
    headers:
      accept:
      - '*/*'
      accept-encoding:
      - gzip, deflate
      connection:
      - keep-alive
      content-length:
      - '33'
      content-type:
      - application/json
      cookie:
      - looker.browser=78847301
      host:
      - spectacles.looker.com:19999
      user-agent:
      - python-httpx/0.23.0
    method: POST
    uri: https://spectacles.looker.com:19999/api/3.1/projects/looker-demo/git_branch
  response:
    content: '{"name":"tmp_spectacles_abc123","remote":"origin","remote_name":"tmp_spectacles_abc123","error":null,"message":null,"owner_name":null,"readonly":false,"personal":false,"is_local":true,"is_remote":false,"is_production":false,"ahead_count":null,"behind_count":null,"commit_at":1649260186,"ref":"c6cca9bf6cefa312c3f3716b2af16214fad4b5c3","remote_ref":null,"can":{}}'
    headers:
      Connection:
      - close
      Content-Encoding:
      - gzip
      Content-Type:
      - application/json
      Date:
      - Thu, 16 Jun 2022 20:25:15 GMT
      Strict-Transport-Security:
      - max-age=15724800; includeSubDomains
      Vary:
      - Accept-Encoding, Origin
      X-B3-ParentSpanId:
      - 6ea6bd8fe1b4e623
      X-B3-Sampled:
      - '0'
      X-B3-SpanId:
      - 6ea6bd8fe1b4e623
      X-B3-TraceId:
      - 62ab91abc03dcf386ea6bd8fe1b4e623
      X-Content-Type-Options:
      - nosniff
    http_version: HTTP/1.1
    status_code: 200
- request:
    body: '{"name": "tmp_spectacles_abc123", "ref": "ab21f19e913db2a208eda26e647d4cdfbb992949"}'
    headers:
      accept:
      - '*/*'
      accept-encoding:
      - gzip, deflate
      connection:
      - keep-alive
      content-length:
      - '84'
      content-type:
      - application/json
      cookie:
      - looker.browser=78847301
      host:
      - spectacles.looker.com:19999
      user-agent:
      - python-httpx/0.23.0
    method: PUT
    uri: https://spectacles.looker.com:19999/api/3.1/projects/looker-demo/git_branch
  response:
    content: '{"name":"tmp_spectacles_abc123","remote":"origin","remote_name":"tmp_spectacles_abc123","error":null,"message":null,"owner_name":null,"readonly":false,"personal":false,"is_local":true,"is_remote":false,"is_production":false,"ahead_count":null,"behind_count":null,"commit_at":1649260186,"ref":"c6cca9bf6cefa312c3f3716b2af16214fad4b5c3","remote_ref":null,"can":{}}'
    headers:
      Connection:
      - close
      Content-Encoding:
      - gzip
      Content-Type:
      - application/json
      Date:
      - Thu, 16 Jun 2022 20:25:17 GMT
      Strict-Transport-Security:
      - max-age=15724800; includeSubDomains
      Vary:
      - Accept-Encoding, Origin
      X-B3-ParentSpanId:
      - 1116e4eb9d23e1d0
      X-B3-Sampled:
      - '0'
      X-B3-SpanId:
      - 1116e4eb9d23e1d0
      X-B3-TraceId:
      - 62ab91ab934210311116e4eb9d23e1d0
      X-Content-Type-Options:
      - nosniff
    http_version: HTTP/1.1
    status_code: 200
- request:
    body: ''
    headers:
      accept:
      - '*/*'
      accept-encoding:
      - gzip, deflate
      connection:
      - keep-alive
      cookie:
      - looker.browser=78847301
      host:
      - spectacles.looker.com:19999
      user-agent:
      - python-httpx/0.23.0
    method: GET
    uri: https://spectacles.looker.com:19999/api/3.1/projects/looker-demo/manifest
  response:
    content: "<!DOCTYPE html>\n<html>\n<head>\n    <title>Looker Not Found (404)</title>\n
      \   <link href='https://fonts.googleapis.com/css?family=Open+Sans:400,600' rel='stylesheet'
      type='text/css'>\n\n    <!-- @@@@@@@@@@@@@ FAVICONS @@@@@@@@@@@@@ -->\n\n    <link
      rel=\"apple-touch-icon-precomposed\" sizes=\"57x57\" href=\"https://wwwstatic-b.lookercdn.com/favicon/apple-touch-icon-57x57.png\"
      />\n    <link rel=\"apple-touch-icon-precomposed\" sizes=\"114x114\" href=\"https://wwwstatic-c.lookercdn.com/favicon/apple-touch-icon-114x114.png\"
      />\n    <link rel=\"apple-touch-icon-precomposed\" sizes=\"72x72\" href=\"https://wwwstatic-d.lookercdn.com/favicon/apple-touch-icon-72x72.png\"
      />\n    <link rel=\"apple-touch-icon-precomposed\" sizes=\"144x144\" href=\"https://wwwstatic-a.lookercdn.com/favicon/apple-touch-icon-144x144.png\"
      />\n    <link rel=\"apple-touch-icon-precomposed\" sizes=\"60x60\" href=\"https://wwwstatic-b.lookercdn.com/favicon/apple-touch-icon-60x60.png\"
      />\n    <link rel=\"apple-touch-icon-precomposed\" sizes=\"120x120\" href=\"https://wwwstatic-c.lookercdn.com/favicon/apple-touch-icon-120x120.png\"
      />\n    <link rel=\"apple-touch-icon-precomposed\" sizes=\"76x76\" href=\"https://wwwstatic-d.lookercdn.com/favicon/apple-touch-icon-76x76.png\"
      />\n    <link rel=\"apple-touch-icon-precomposed\" sizes=\"152x152\" href=\"https://wwwstatic-a.lookercdn.com/favicon/apple-touch-icon-152x152.png\"
      />\n    <link rel=\"icon\" type=\"image/png\" href=\"https://wwwstatic-b.lookercdn.com/favicon/favicon-196x196.png\"
      sizes=\"196x196\" />\n    <link rel=\"icon\" type=\"image/png\" href=\"https://wwwstatic-c.lookercdn.com/favicon/favicon-96x96.png\"
      sizes=\"96x96\" />\n    <link rel=\"icon\" type=\"image/png\" href=\"https://wwwstatic-d.lookercdn.com/favicon/favicon-32x32.png\"
      sizes=\"32x32\" />\n    <link rel=\"icon\" type=\"image/png\" href=\"https://wwwstatic-a.lookercdn.com/favicon/favicon-16x16.png\"
      sizes=\"16x16\" />\n    <link rel=\"icon\" type=\"image/png\" href=\"https://wwwstatic-b.lookercdn.com/favicon/favicon-128.png\"
      sizes=\"128x128\" />\n    <meta name=\"application-name\" content=\"Looker\"/>\n
      \   <meta name=\"msapplication-TileColor\" content=\"#FFFFFF\" />\n    <meta
      name=\"msapplication-TileImage\" content=\"https://wwwstatic-c.lookercdn.com/favicon/mstile-144x144.png\"
      />\n    <meta name=\"msapplication-square70x70logo\" content=\"https://wwwstatic-d.lookercdn.com/favicon/mstile-70x70.png\"
      />\n    <meta name=\"msapplication-square150x150logo\" content=\"https://wwwstatic-a.lookercdn.com/favicon/mstile-150x150.png\"
      />\n    <meta name=\"msapplication-wide310x150logo\" content=\"https://wwwstatic-b.lookercdn.com/favicon/mstile-310x150.png\"
      />\n    <meta name=\"msapplication-square310x310logo\" content=\"https://wwwstatic-c.lookercdn.com/favicon/mstile-310x310.png\"
      />\n\n    <style type=\"text/css\">\n        body {\n            background-color:
      #2e343f;\n            color: white;\n            height: auto;\n            font-family:
      Open Sans, Helvetica, Arial, sans-serif;\n        }\n        .message {\n            width:
      100%;\n            max-width: 760px;\n            margin: 0 auto;\n            margin-top:
      135px;\n            text-align: center;\n        }\n        h2, h3 {\n            font-weight:
      normal;\n        }\n        a {\n            color: white;\n        }\n    </style>\n</head>\n<body>\n\n
      \   <div class=\"message\">\n\n        <img width=\"210\" height=\"84\" src=\"https://wwwstatic-a.lookercdn.com/logos/looker_all_white.svg\"
      alt=\"Looker\">\n\n        <h1>Looker is unavailable.</h1>\n\n        <h2>If
      you typed in a URL, double-check the spelling.</h2>\n        <h2>This may also
      be due to a temporary condition such as an outage, <a href=\"https://docs.looker.com/relnotes/hosted-maintenance-hours\">scheduled
      maintenance</a> or upgrade.</h2>\n        <br>\n        <h3>\n          If this
      message persists or you have any concerns, <br> contact us from\n          <a
      href=\"https://help.looker.com\">help.looker.com</a> and we'll respond promptly.\n
      \       </h3>\n\n    </div>\n\n</body>\n</html>\n"
    headers:
      Connection:
      - close
      Content-Type:
      - '*/*'
      Date:
      - Thu, 16 Jun 2022 20:25:17 GMT
    http_version: HTTP/1.1
    status_code: 404
- request:
    body: ''
    headers:
      accept:
      - '*/*'
      accept-encoding:
      - gzip, deflate
      connection:
      - keep-alive
      cookie:
      - looker.browser=78847301
      host:
      - spectacles.looker.com:19999
      user-agent:
      - python-httpx/0.23.0
    method: GET
    uri: https://spectacles.looker.com:19999/api/3.1/projects/eye_exam/git_branch
  response:
    content: '{"name":"pytest-additional","remote":"origin","remote_name":"pytest-additional","error":null,"message":null,"owner_name":null,"readonly":false,"personal":false,"is_local":true,"is_remote":true,"is_production":false,"ahead_count":0,"behind_count":0,"commit_at":1655409628,"ref":"1c89448b1639547ff4e6e17fed6360718f6968a6","remote_ref":"1c89448b1639547ff4e6e17fed6360718f6968a6","can":{}}'
    headers:
      Connection:
      - close
      Content-Encoding:
      - gzip
      Content-Type:
      - application/json
      Date:
      - Thu, 16 Jun 2022 20:25:17 GMT
      Strict-Transport-Security:
      - max-age=15724800; includeSubDomains
      Vary:
      - Accept-Encoding, Origin
      X-B3-ParentSpanId:
      - 045b76946fb1d93e
      X-B3-Sampled:
      - '0'
      X-B3-SpanId:
      - 045b76946fb1d93e
      X-B3-TraceId:
      - 62ab91ad1ea40e26045b76946fb1d93e
      X-Content-Type-Options:
      - nosniff
    http_version: HTTP/1.1
    status_code: 200
- request:
    body: ''
    headers:
      accept:
      - '*/*'
      accept-encoding:
      - gzip, deflate
      connection:
      - keep-alive
      cookie:
      - looker.browser=78847301
      host:
      - spectacles.looker.com:19999
      user-agent:
      - python-httpx/0.23.0
    method: GET
    uri: https://spectacles.looker.com:19999/api/3.1/projects/looker-demo/git_branch
  response:
    content: '{"name":"tmp_spectacles_abc123","remote":"origin","remote_name":"tmp_spectacles_abc123","error":null,"message":null,"owner_name":null,"readonly":false,"personal":false,"is_local":true,"is_remote":true,"is_production":false,"ahead_count":0,"behind_count":0,"commit_at":1650895913,"ref":"ab21f19e913db2a208eda26e647d4cdfbb992949","remote_ref":"ab21f19e913db2a208eda26e647d4cdfbb992949","can":{}}'
    headers:
      Connection:
      - close
      Content-Encoding:
      - gzip
      Content-Type:
      - application/json
      Date:
      - Thu, 16 Jun 2022 20:25:18 GMT
      Strict-Transport-Security:
      - max-age=15724800; includeSubDomains
      Vary:
      - Accept-Encoding, Origin
      X-B3-ParentSpanId:
      - b97ccbdf501d898a
      X-B3-Sampled:
      - '0'
      X-B3-SpanId:
      - b97ccbdf501d898a
      X-B3-TraceId:
      - 62ab91ae091e6435b97ccbdf501d898a
      X-Content-Type-Options:
      - nosniff
    http_version: HTTP/1.1
    status_code: 200
- request:
    body: '{"name": "dev-josh-temple-8m75"}'
    headers:
      accept:
      - '*/*'
      accept-encoding:
      - gzip, deflate
      connection:
      - keep-alive
      content-length:
      - '32'
      content-type:
      - application/json
      cookie:
      - looker.browser=78847301
      host:
      - spectacles.looker.com:19999
      user-agent:
      - python-httpx/0.23.0
    method: PUT
    uri: https://spectacles.looker.com:19999/api/3.1/projects/looker-demo/git_branch
  response:
    content: '{"name":"dev-josh-temple-8m75","remote":"origin","remote_name":"dev-josh-temple-8m75","error":null,"message":null,"owner_name":"Josh
      Temple","readonly":false,"personal":true,"is_local":true,"is_remote":true,"is_production":false,"ahead_count":0,"behind_count":0,"commit_at":1649260186,"ref":"c6cca9bf6cefa312c3f3716b2af16214fad4b5c3","remote_ref":"c6cca9bf6cefa312c3f3716b2af16214fad4b5c3","can":{}}'
    headers:
      Connection:
      - close
      Content-Encoding:
      - gzip
      Content-Type:
      - application/json
      Date:
      - Thu, 16 Jun 2022 20:25:18 GMT
      Strict-Transport-Security:
      - max-age=15724800; includeSubDomains
      Vary:
      - Accept-Encoding, Origin
      X-B3-ParentSpanId:
      - 13760cec251b6d2d
      X-B3-Sampled:
      - '0'
      X-B3-SpanId:
      - 13760cec251b6d2d
      X-B3-TraceId:
      - 62ab91ae8cd7ccef13760cec251b6d2d
      X-Content-Type-Options:
      - nosniff
    http_version: HTTP/1.1
    status_code: 200
- request:
    body: ''
    headers:
      accept:
      - '*/*'
      accept-encoding:
      - gzip, deflate
      connection:
      - keep-alive
      cookie:
      - looker.browser=78847301
      host:
      - spectacles.looker.com:19999
      user-agent:
      - python-httpx/0.23.0
    method: DELETE
    uri: https://spectacles.looker.com:19999/api/3.1/projects/looker-demo/git_branch/tmp_spectacles_abc123
  response:
    content: ''
    headers:
      Connection:
      - keep-alive
      Date:
      - Thu, 16 Jun 2022 20:25:20 GMT
      Strict-Transport-Security:
      - max-age=15724800; includeSubDomains
      Vary:
      - Origin
      X-B3-ParentSpanId:
      - c46c733e0c46b80b
      X-B3-Sampled:
      - '0'
      X-B3-SpanId:
      - c46c733e0c46b80b
      X-B3-TraceId:
      - 62ab91ae0a74c39fc46c733e0c46b80b
      X-Content-Type-Options:
      - nosniff
    http_version: HTTP/1.1
    status_code: 204
- request:
    body: '{"name": "dev-josh-temple-8m75"}'
    headers:
      accept:
      - '*/*'
      accept-encoding:
      - gzip, deflate
      connection:
      - keep-alive
      content-length:
      - '32'
      content-type:
      - application/json
      cookie:
      - looker.browser=78847301
      host:
      - spectacles.looker.com:19999
      user-agent:
      - python-httpx/0.23.0
    method: PUT
    uri: https://spectacles.looker.com:19999/api/3.1/projects/looker-demo/git_branch
  response:
    content: '{"name":"dev-josh-temple-8m75","remote":"origin","remote_name":"dev-josh-temple-8m75","error":null,"message":null,"owner_name":"Josh
      Temple","readonly":false,"personal":true,"is_local":true,"is_remote":true,"is_production":false,"ahead_count":0,"behind_count":0,"commit_at":1649260186,"ref":"c6cca9bf6cefa312c3f3716b2af16214fad4b5c3","remote_ref":"c6cca9bf6cefa312c3f3716b2af16214fad4b5c3","can":{}}'
    headers:
      Connection:
      - close
      Content-Encoding:
      - gzip
      Content-Type:
      - application/json
      Date:
      - Thu, 16 Jun 2022 20:25:20 GMT
      Strict-Transport-Security:
      - max-age=15724800; includeSubDomains
      Vary:
      - Accept-Encoding, Origin
      X-B3-ParentSpanId:
      - 6a97357869cc6d29
      X-B3-Sampled:
      - '0'
      X-B3-SpanId:
      - 6a97357869cc6d29
      X-B3-TraceId:
      - 62ab91b0086bd7ff6a97357869cc6d29
      X-Content-Type-Options:
      - nosniff
    http_version: HTTP/1.1
    status_code: 200
- request:
    body: '{"name": "pytest"}'
    headers:
      accept:
      - '*/*'
      accept-encoding:
      - gzip, deflate
      connection:
      - keep-alive
      content-length:
      - '18'
      content-type:
      - application/json
      cookie:
      - looker.browser=78847301
      host:
      - spectacles.looker.com:19999
      user-agent:
      - python-httpx/0.23.0
    method: PUT
    uri: https://spectacles.looker.com:19999/api/3.1/projects/eye_exam/git_branch
  response:
    content: '{"name":"pytest","remote":"origin","remote_name":"pytest","error":null,"message":null,"owner_name":null,"readonly":false,"personal":false,"is_local":true,"is_remote":true,"is_production":false,"ahead_count":0,"behind_count":0,"commit_at":1655410229,"ref":"c2b675549d737cc192cba427f581237e63d1dafb","remote_ref":"c2b675549d737cc192cba427f581237e63d1dafb","can":{}}'
    headers:
      Connection:
      - close
      Content-Encoding:
      - gzip
      Content-Type:
      - application/json
      Date:
      - Thu, 16 Jun 2022 20:25:21 GMT
      Strict-Transport-Security:
      - max-age=15724800; includeSubDomains
      Vary:
      - Accept-Encoding, Origin
      X-B3-ParentSpanId:
      - 2a43f801142b4045
      X-B3-Sampled:
      - '0'
      X-B3-SpanId:
      - 2a43f801142b4045
      X-B3-TraceId:
      - 62ab91b01ba38db62a43f801142b4045
      X-Content-Type-Options:
      - nosniff
    http_version: HTTP/1.1
    status_code: 200
- request:
    body: ''
    headers:
      accept:
      - '*/*'
      accept-encoding:
      - gzip, deflate
      connection:
      - keep-alive
      cookie:
      - looker.browser=78847301
      host:
      - spectacles.looker.com:19999
      user-agent:
      - python-httpx/0.23.0
    method: GET
    uri: https://spectacles.looker.com:19999/api/3.1/projects/eye_exam/git_branch
  response:
    content: '{"name":"pytest","remote":"origin","remote_name":"pytest","error":null,"message":null,"owner_name":null,"readonly":false,"personal":false,"is_local":true,"is_remote":true,"is_production":false,"ahead_count":0,"behind_count":0,"commit_at":1655410229,"ref":"c2b675549d737cc192cba427f581237e63d1dafb","remote_ref":"c2b675549d737cc192cba427f581237e63d1dafb","can":{}}'
    headers:
      Connection:
      - close
      Content-Encoding:
      - gzip
      Content-Type:
      - application/json
      Date:
      - Thu, 16 Jun 2022 20:25:21 GMT
      Strict-Transport-Security:
      - max-age=15724800; includeSubDomains
      Vary:
      - Accept-Encoding, Origin
      X-B3-ParentSpanId:
      - b14dab67fed7155b
      X-B3-Sampled:
      - '0'
      X-B3-SpanId:
      - b14dab67fed7155b
      X-B3-TraceId:
      - 62ab91b1f2ab18ecb14dab67fed7155b
      X-Content-Type-Options:
      - nosniff
    http_version: HTTP/1.1
    status_code: 200
- request:
    body: ''
    headers:
      accept:
      - '*/*'
      accept-encoding:
      - gzip, deflate
      connection:
      - keep-alive
      cookie:
      - looker.browser=78847301
      host:
      - spectacles.looker.com:19999
      user-agent:
      - python-httpx/0.23.0
    method: GET
    uri: https://spectacles.looker.com:19999/api/3.1/projects/looker-demo/git_branch
  response:
    content: '{"name":"dev-josh-temple-8m75","remote":"origin","remote_name":"dev-josh-temple-8m75","error":null,"message":null,"owner_name":"Josh
      Temple","readonly":false,"personal":true,"is_local":true,"is_remote":true,"is_production":false,"ahead_count":0,"behind_count":0,"commit_at":1649260186,"ref":"c6cca9bf6cefa312c3f3716b2af16214fad4b5c3","remote_ref":"c6cca9bf6cefa312c3f3716b2af16214fad4b5c3","can":{}}'
    headers:
      Connection:
      - close
      Content-Encoding:
      - gzip
      Content-Type:
      - application/json
      Date:
      - Thu, 16 Jun 2022 20:25:21 GMT
      Strict-Transport-Security:
      - max-age=15724800; includeSubDomains
      Vary:
      - Accept-Encoding, Origin
      X-B3-ParentSpanId:
      - c6a5da4be896e495
      X-B3-Sampled:
      - '0'
      X-B3-SpanId:
      - c6a5da4be896e495
      X-B3-TraceId:
      - 62ab91b1b919a24ac6a5da4be896e495
      X-Content-Type-Options:
      - nosniff
    http_version: HTTP/1.1
    status_code: 200
- request:
    body: ''
    headers:
      accept:
      - '*/*'
      accept-encoding:
      - gzip, deflate
      connection:
      - keep-alive
      cookie:
      - looker.browser=78847301
      host:
      - spectacles.looker.com:19999
      user-agent:
      - python-httpx/0.23.0
    method: GET
    uri: https://spectacles.looker.com:19999/api/3.1/projects/looker-demo/git_branches
  response:
    content: '[{"name":"affirm-demo","remote":"origin","remote_name":"affirm-demo","error":null,"message":null,"owner_name":null,"readonly":false,"personal":false,"is_local":true,"is_remote":false,"is_production":false,"ahead_count":null,"behind_count":null,"commit_at":1650895913,"ref":"ab21f19e913db2a208eda26e647d4cdfbb992949","remote_ref":null,"can":{}},{"name":"dev-josh-temple-8m75","remote":"origin","remote_name":"dev-josh-temple-8m75","error":null,"message":null,"owner_name":null,"readonly":false,"personal":true,"is_local":true,"is_remote":true,"is_production":false,"ahead_count":0,"behind_count":0,"commit_at":1649260186,"ref":"c6cca9bf6cefa312c3f3716b2af16214fad4b5c3","remote_ref":"c6cca9bf6cefa312c3f3716b2af16214fad4b5c3","can":{}},{"name":"main","remote":"origin","remote_name":"main","error":null,"message":null,"owner_name":null,"readonly":true,"personal":false,"is_local":true,"is_remote":true,"is_production":true,"ahead_count":0,"behind_count":4,"commit_at":1650895913,"ref":"c6cca9bf6cefa312c3f3716b2af16214fad4b5c3","remote_ref":"ab21f19e913db2a208eda26e647d4cdfbb992949","can":{}},{"name":"DylanBaker-patch-1","remote":"origin","remote_name":"DylanBaker-patch-1","error":null,"message":null,"owner_name":null,"readonly":false,"personal":false,"is_local":false,"is_remote":true,"is_production":false,"ahead_count":null,"behind_count":null,"commit_at":1653986990,"ref":null,"remote_ref":"5efb6b4b7eab7c90943e6ac6c51cace54140a272","can":{}},{"name":"DylanBaker-patch-2","remote":"origin","remote_name":"DylanBaker-patch-2","error":null,"message":null,"owner_name":null,"readonly":false,"personal":false,"is_local":false,"is_remote":true,"is_production":false,"ahead_count":null,"behind_count":null,"commit_at":1654521992,"ref":null,"remote_ref":"cd7feb08f5010404391c70e8b3fc9b981bbcff09","can":{}},{"name":"bendingspoons-demo","remote":"origin","remote_name":"bendingspoons-demo","error":null,"message":null,"owner_name":null,"readonly":false,"personal":false,"is_local":false,"is_remote":true,"is_production":false,"ahead_count":null,"behind_count":null,"commit_at":1653921076,"ref":null,"remote_ref":"56bd1f80dc10dd8ed535420c6264848f94d763b0","can":{}},{"name":"castor-demo","remote":"origin","remote_name":"castor-demo","error":null,"message":null,"owner_name":null,"readonly":false,"personal":false,"is_local":false,"is_remote":true,"is_production":false,"ahead_count":null,"behind_count":null,"commit_at":1654525541,"ref":null,"remote_ref":"cc2c6408b9104838e6a8cc498aeeed6ebd474044","can":{}},{"name":"charlottetillbury-demo","remote":"origin","remote_name":"charlottetillbury-demo","error":null,"message":null,"owner_name":null,"readonly":false,"personal":false,"is_local":false,"is_remote":true,"is_production":false,"ahead_count":null,"behind_count":null,"commit_at":1652970665,"ref":null,"remote_ref":"d053a0f196822833ecead4eabc6b93bbcc21ebce","can":{}},{"name":"color-demo","remote":"origin","remote_name":"color-demo","error":null,"message":null,"owner_name":null,"readonly":false,"personal":false,"is_local":false,"is_remote":true,"is_production":false,"ahead_count":null,"behind_count":null,"commit_at":1653579266,"ref":null,"remote_ref":"fdcdabaff495c96b1fa71a51c3914e87a8300556","can":{}},{"name":"datafold-demo","remote":"origin","remote_name":"datafold-demo","error":null,"message":null,"owner_name":null,"readonly":false,"personal":false,"is_local":false,"is_remote":true,"is_production":false,"ahead_count":null,"behind_count":null,"commit_at":1652711661,"ref":null,"remote_ref":"204509581280552fc3e740862893dc82cab6b41c","can":{}},{"name":"demo-april-27-2","remote":"origin","remote_name":"demo-april-27-2","error":null,"message":null,"owner_name":null,"readonly":false,"personal":false,"is_local":false,"is_remote":true,"is_production":false,"ahead_count":null,"behind_count":null,"commit_at":1651075375,"ref":null,"remote_ref":"10947533eb214c1bbd3e6a8842745b265145ee3c","can":{}},{"name":"dev-circleci-service-account-bhh9","remote":"origin","remote_name":"dev-circleci-service-account-bhh9","error":null,"message":null,"owner_name":null,"readonly":true,"personal":true,"is_local":false,"is_remote":true,"is_production":false,"ahead_count":null,"behind_count":null,"commit_at":1649328415,"ref":null,"remote_ref":"27b4b2288cae6e2e3c1ad7fc2db6b7c6ea5fe8c5","can":{}},{"name":"dev-dylan-baker-kpjr","remote":"origin","remote_name":"dev-dylan-baker-kpjr","error":null,"message":null,"owner_name":null,"readonly":true,"personal":true,"is_local":false,"is_remote":true,"is_production":false,"ahead_count":null,"behind_count":null,"commit_at":1649327409,"ref":null,"remote_ref":"47386b0490d46eff8cd444ee2c5c9335e731737e","can":{}},{"name":"dev-spectacles-bot-7kqt","remote":"origin","remote_name":"dev-spectacles-bot-7kqt","error":null,"message":null,"owner_name":null,"readonly":true,"personal":true,"is_local":false,"is_remote":true,"is_production":false,"ahead_count":null,"behind_count":null,"commit_at":1649259660,"ref":null,"remote_ref":"5afdb5c7a99ec6764a5bb6a3bc688b0950af8428","can":{}},{"name":"dev-tom-miller-gwb5","remote":"origin","remote_name":"dev-tom-miller-gwb5","error":null,"message":null,"owner_name":null,"readonly":true,"personal":true,"is_local":false,"is_remote":true,"is_production":false,"ahead_count":null,"behind_count":null,"commit_at":1649328415,"ref":null,"remote_ref":"27b4b2288cae6e2e3c1ad7fc2db6b7c6ea5fe8c5","can":{}},{"name":"newrelic-demo","remote":"origin","remote_name":"newrelic-demo","error":null,"message":null,"owner_name":null,"readonly":false,"personal":false,"is_local":false,"is_remote":true,"is_production":false,"ahead_count":null,"behind_count":null,"commit_at":1652977828,"ref":null,"remote_ref":"d21fab7a5bad68903930379ff6f64a771961106f","can":{}},{"name":"orchard-analytics","remote":"origin","remote_name":"orchard-analytics","error":null,"message":null,"owner_name":null,"readonly":false,"personal":false,"is_local":false,"is_remote":true,"is_production":false,"ahead_count":null,"behind_count":null,"commit_at":1653496432,"ref":null,"remote_ref":"5d03fffd46ae57eb7944d4e848cdeb5865df8952","can":{}},{"name":"payroc-demo","remote":"origin","remote_name":"payroc-demo","error":null,"message":null,"owner_name":null,"readonly":false,"personal":false,"is_local":false,"is_remote":true,"is_production":false,"ahead_count":null,"behind_count":null,"commit_at":1650895784,"ref":null,"remote_ref":"3f5a780cac9f6142954367485d2fafe6ed8f2512","can":{}},{"name":"petco-demo-2","remote":"origin","remote_name":"petco-demo-2","error":null,"message":null,"owner_name":null,"readonly":false,"personal":false,"is_local":false,"is_remote":true,"is_production":false,"ahead_count":null,"behind_count":null,"commit_at":1654097468,"ref":null,"remote_ref":"04ff48da7aa2fe665b3a11e7264ab6536bd2489f","can":{}},{"name":"prestashop-demo","remote":"origin","remote_name":"prestashop-demo","error":null,"message":null,"owner_name":null,"readonly":false,"personal":false,"is_local":false,"is_remote":true,"is_production":false,"ahead_count":null,"behind_count":null,"commit_at":1651766758,"ref":null,"remote_ref":"0dd0d540a53c2fd289b9571b44dfce440fef8369","can":{}},{"name":"richemont-demo","remote":"origin","remote_name":"richemont-demo","error":null,"message":null,"owner_name":null,"readonly":false,"personal":false,"is_local":false,"is_remote":true,"is_production":false,"ahead_count":null,"behind_count":null,"commit_at":1650898276,"ref":null,"remote_ref":"fb632f9e0208e045b3697d0bc97a8db8fe3832a9","can":{}},{"name":"testing-demo","remote":"origin","remote_name":"testing-demo","error":null,"message":null,"owner_name":null,"readonly":false,"personal":false,"is_local":false,"is_remote":true,"is_production":false,"ahead_count":null,"behind_count":null,"commit_at":1649328611,"ref":null,"remote_ref":"1894316cdffe37b8aa13264a7b498e47b3db9e75","can":{}},{"name":"testing-hidden","remote":"origin","remote_name":"testing-hidden","error":null,"message":null,"owner_name":null,"readonly":false,"personal":false,"is_local":false,"is_remote":true,"is_production":false,"ahead_count":null,"behind_count":null,"commit_at":1655118148,"ref":null,"remote_ref":"8499edf3c515859e278cc62e1664f52ac201179e","can":{}},{"name":"velocity-demo","remote":"origin","remote_name":"velocity-demo","error":null,"message":null,"owner_name":null,"readonly":false,"personal":false,"is_local":false,"is_remote":true,"is_production":false,"ahead_count":null,"behind_count":null,"commit_at":1650902563,"ref":null,"remote_ref":"654c1e513b4db3190db7585f1f8192050be751bf","can":{}}]'
    headers:
      Connection:
      - close
      Content-Encoding:
      - gzip
      Content-Type:
      - application/json
      Date:
      - Thu, 16 Jun 2022 20:25:22 GMT
      Strict-Transport-Security:
      - max-age=15724800; includeSubDomains
      Vary:
      - Accept-Encoding, Origin
      X-B3-ParentSpanId:
      - ba34f0c3d2071811
      X-B3-Sampled:
      - '0'
      X-B3-SpanId:
      - ba34f0c3d2071811
      X-B3-TraceId:
      - 62ab91b12ab1ef79ba34f0c3d2071811
      X-Content-Type-Options:
      - nosniff
    http_version: HTTP/1.1
    status_code: 200
version: 1
